
> scoutzero-final2@0.0.1 test
> vitest src/tests/architect/signAndTrade.test.js


 DEV  v1.6.1 /Users/brenthibbitts/Desktop/ScoutZero

stdout | src/tests/architect/signAndTrade.test.js > Sign and Trade Mutation > should successfully execute a sign and trade
DEBUG: applyWorldMutation payload: {"teamCode":"LAL","destinationTeamCode":"BOS","playerId":"player-1","contract":{"years":1,"salaries":[1000000],"base":1000000,"signAndTrade":true},"signedUsing":"Bird Rights"}
Test 1 Failed Result: {
  "success": false,
  "error": "Trade is not legal",
  "violations": [],
  "warnings": []
}
--- Debug Output ---


stderr | src/tests/architect/signAndTrade.test.js > Sign and Trade Mutation > should successfully execute a sign and trade
Could not load world asOfDate: [vitest] No "getDoc" export is defined on the "firebase/firestore" mock. Did you forget to return it from "vi.mock"?
If you need to partially mock a module, you can use "importOriginal" helper inside:


stdout | src/tests/architect/signAndTrade.test.js > Sign and Trade Mutation > should fail if destination team is missing
DEBUG: applyWorldMutation payload: {"teamCode":"LAL","playerId":"player-1","contract":{"years":1,"salaries":[1000000],"base":1000000,"signAndTrade":true}}

stderr | src/tests/architect/signAndTrade.test.js > Sign and Trade Mutation > should fail if destination team is missing
applyWorldMutation failed for signAndTrade: Error: Missing destinationTeamCode
    at loadStateForMutation (/Users/brenthibbitts/Desktop/ScoutZero/src/features/architect/utils/mutationPipeline.js:591:39)
    at Module.applyWorldMutation (/Users/brenthibbitts/Desktop/ScoutZero/src/features/architect/utils/mutationPipeline.js:350:32)
    at /Users/brenthibbitts/Desktop/ScoutZero/src/tests/architect/signAndTrade.test.js:133:26
    at file:///Users/brenthibbitts/Desktop/ScoutZero/node_modules/@vitest/runner/dist/index.js:135:14
    at file:///Users/brenthibbitts/Desktop/ScoutZero/node_modules/@vitest/runner/dist/index.js:60:26
    at runTest (file:///Users/brenthibbitts/Desktop/ScoutZero/node_modules/@vitest/runner/dist/index.js:781:17)
    at runSuite (file:///Users/brenthibbitts/Desktop/ScoutZero/node_modules/@vitest/runner/dist/index.js:909:15)
    at runSuite (file:///Users/brenthibbitts/Desktop/ScoutZero/node_modules/@vitest/runner/dist/index.js:909:15)
    at runFiles (file:///Users/brenthibbitts/Desktop/ScoutZero/node_modules/@vitest/runner/dist/index.js:958:5)
    at startTests (file:///Users/brenthibbitts/Desktop/ScoutZero/node_modules/@vitest/runner/dist/index.js:967:3)

 ❯ src/tests/architect/signAndTrade.test.js  (2 tests | 1 failed) 59ms
   ❯ src/tests/architect/signAndTrade.test.js > Sign and Trade Mutation > should successfully execute a sign and trade
     → expected false to be true // Object.is equality

⎯⎯⎯⎯⎯⎯⎯ Failed Tests 1 ⎯⎯⎯⎯⎯⎯⎯

 FAIL  src/tests/architect/signAndTrade.test.js > Sign and Trade Mutation > should successfully execute a sign and trade
AssertionError: expected false to be true // Object.is equality

- Expected
+ Received

- true
+ false

 ❯ src/tests/architect/signAndTrade.test.js:111:28
    109|     }
    110| 
    111|     expect(result.success).toBe(true);
       |                            ^
    112|     expect(result.changedTeams).toHaveLength(2);
    113|     

⎯⎯⎯⎯⎯⎯⎯⎯⎯⎯⎯⎯⎯⎯⎯⎯⎯⎯⎯⎯⎯⎯⎯⎯[1/1]⎯

 Test Files  1 failed (1)
      Tests  1 failed | 1 passed (2)
   Start at  03:09:55
   Duration  11.25s (transform 743ms, setup 321ms, collect 652ms, tests 59ms, environment 2.46s, prepare 715ms)


 FAIL  Tests failed. Watching for file changes...
       press h to show help, press q to quit
[3Jc
 RERUN  src/tests/architect/signAndTrade.test.js x1

 ❯ src/tests/architect/signAndTrade.test.js  (2 tests | 1 failed) 373ms
   ❯ src/tests/architect/signAndTrade.test.js > Sign and Trade Mutation > should successfully execute a sign and trade
     → expected false to be true // Object.is equality
stdout | src/tests/architect/signAndTrade.test.js > Sign and Trade Mutation > should successfully execute a sign and trade
DEBUG: applyWorldMutation payload: {"teamCode":"LAL","destinationTeamCode":"BOS","playerId":"player-1","contract":{"years":1,"salaries":[1000000],"base":1000000,"signAndTrade":true},"signedUsing":"Bird Rights"}
Test 1 Failed Result: {
  "success": false,
  "error": "batch.update is not a function"
}
--- Debug Output ---


stderr | src/tests/architect/signAndTrade.test.js > Sign and Trade Mutation > should successfully execute a sign and trade
Could not load world asOfDate: [vitest] No "getDoc" export is defined on the "firebase/firestore" mock. Did you forget to return it from "vi.mock"?
If you need to partially mock a module, you can use "importOriginal" helper inside:

DEV DEBUG: Could not check world ownership: [vitest] No "getDoc" export is defined on the "firebase/firestore" mock. Did you forget to return it from "vi.mock"?
If you need to partially mock a module, you can use "importOriginal" helper inside:

persistWorldMutation failed: TypeError: batch.update is not a function
    at persistWorldMutation (/Users/brenthibbitts/Desktop/ScoutZero/src/features/architect/utils/mutationPipeline.js:1817:11)
    at Module.applyWorldMutation (/Users/brenthibbitts/Desktop/ScoutZero/src/features/architect/utils/mutationPipeline.js:428:33)
    at /Users/brenthibbitts/Desktop/ScoutZero/src/tests/architect/signAndTrade.test.js:93:20
    at runTest (file:///Users/brenthibbitts/Desktop/ScoutZero/node_modules/@vitest/runner/dist/index.js:781:11)
    at runSuite (file:///Users/brenthibbitts/Desktop/ScoutZero/node_modules/@vitest/runner/dist/index.js:909:15)
    at runSuite (file:///Users/brenthibbitts/Desktop/ScoutZero/node_modules/@vitest/runner/dist/index.js:909:15)
    at runFiles (file:///Users/brenthibbitts/Desktop/ScoutZero/node_modules/@vitest/runner/dist/index.js:958:5)
    at startTests (file:///Users/brenthibbitts/Desktop/ScoutZero/node_modules/@vitest/runner/dist/index.js:967:3)
    at file:///Users/brenthibbitts/Desktop/ScoutZero/node_modules/vitest/dist/chunks/runtime-runBaseTests.oAvMKtQC.js:116:7
    at withEnv (file:///Users/brenthibbitts/Desktop/ScoutZero/node_modules/vitest/dist/chunks/runtime-runBaseTests.oAvMKtQC.js:83:5)

stdout | src/tests/architect/signAndTrade.test.js > Sign and Trade Mutation > should fail if destination team is missing
DEBUG: applyWorldMutation payload: {"teamCode":"LAL","playerId":"player-1","contract":{"years":1,"salaries":[1000000],"base":1000000,"signAndTrade":true}}

stderr | src/tests/architect/signAndTrade.test.js > Sign and Trade Mutation > should fail if destination team is missing
applyWorldMutation failed for signAndTrade: Error: Missing destinationTeamCode
    at loadStateForMutation (/Users/brenthibbitts/Desktop/ScoutZero/src/features/architect/utils/mutationPipeline.js:591:39)
    at Module.applyWorldMutation (/Users/brenthibbitts/Desktop/ScoutZero/src/features/architect/utils/mutationPipeline.js:350:32)
    at /Users/brenthibbitts/Desktop/ScoutZero/src/tests/architect/signAndTrade.test.js:133:26
    at file:///Users/brenthibbitts/Desktop/ScoutZero/node_modules/@vitest/runner/dist/index.js:135:14
    at file:///Users/brenthibbitts/Desktop/ScoutZero/node_modules/@vitest/runner/dist/index.js:60:26
    at runTest (file:///Users/brenthibbitts/Desktop/ScoutZero/node_modules/@vitest/runner/dist/index.js:781:17)
    at runSuite (file:///Users/brenthibbitts/Desktop/ScoutZero/node_modules/@vitest/runner/dist/index.js:909:15)
    at runSuite (file:///Users/brenthibbitts/Desktop/ScoutZero/node_modules/@vitest/runner/dist/index.js:909:15)
    at runFiles (file:///Users/brenthibbitts/Desktop/ScoutZero/node_modules/@vitest/runner/dist/index.js:958:5)
    at startTests (file:///Users/brenthibbitts/Desktop/ScoutZero/node_modules/@vitest/runner/dist/index.js:967:3)


⎯⎯⎯⎯⎯⎯⎯ Failed Tests 1 ⎯⎯⎯⎯⎯⎯⎯

 FAIL  src/tests/architect/signAndTrade.test.js > Sign and Trade Mutation > should successfully execute a sign and trade
AssertionError: expected false to be true // Object.is equality

- Expected
+ Received

- true
+ false

 ❯ src/tests/architect/signAndTrade.test.js:111:28
    109|     }
    110| 
    111|     expect(result.success).toBe(true);
       |                            ^
    112|     expect(result.changedTeams).toHaveLength(2);
    113|     

⎯⎯⎯⎯⎯⎯⎯⎯⎯⎯⎯⎯⎯⎯⎯⎯⎯⎯⎯⎯⎯⎯⎯⎯[1/1]⎯

 Test Files  1 failed (1)
      Tests  1 failed | 1 passed (2)
   Start at  03:11:07
   Duration  1.23s


 FAIL  Tests failed. Watching for file changes...
       press h to show help, press q to quit
       rerun x1
[2K[1A[2K[G[3Jc
 RERUN  src/features/architect/utils/mutationPipeline.js x2

 ❯ src/tests/architect/signAndTrade.test.js  (2 tests | 1 failed) 505ms
   ❯ src/tests/architect/signAndTrade.test.js > Sign and Trade Mutation > should successfully execute a sign and trade
     → expected false to be true // Object.is equality
stdout | src/tests/architect/signAndTrade.test.js > Sign and Trade Mutation > should successfully execute a sign and trade
Test 1 Failed Result: {
  "success": false,
  "error": "batch.update is not a function"
}
--- Debug Output ---


stderr | src/tests/architect/signAndTrade.test.js > Sign and Trade Mutation > should successfully execute a sign and trade
Could not load world asOfDate: [vitest] No "getDoc" export is defined on the "firebase/firestore" mock. Did you forget to return it from "vi.mock"?
If you need to partially mock a module, you can use "importOriginal" helper inside:

DEV DEBUG: Could not check world ownership: [vitest] No "getDoc" export is defined on the "firebase/firestore" mock. Did you forget to return it from "vi.mock"?
If you need to partially mock a module, you can use "importOriginal" helper inside:

persistWorldMutation failed: TypeError: batch.update is not a function
    at persistWorldMutation (/Users/brenthibbitts/Desktop/ScoutZero/src/features/architect/utils/mutationPipeline.js:1816:11)
    at Module.applyWorldMutation (/Users/brenthibbitts/Desktop/ScoutZero/src/features/architect/utils/mutationPipeline.js:427:33)
    at /Users/brenthibbitts/Desktop/ScoutZero/src/tests/architect/signAndTrade.test.js:93:20
    at runTest (file:///Users/brenthibbitts/Desktop/ScoutZero/node_modules/@vitest/runner/dist/index.js:781:11)
    at runSuite (file:///Users/brenthibbitts/Desktop/ScoutZero/node_modules/@vitest/runner/dist/index.js:909:15)
    at runSuite (file:///Users/brenthibbitts/Desktop/ScoutZero/node_modules/@vitest/runner/dist/index.js:909:15)
    at runFiles (file:///Users/brenthibbitts/Desktop/ScoutZero/node_modules/@vitest/runner/dist/index.js:958:5)
    at startTests (file:///Users/brenthibbitts/Desktop/ScoutZero/node_modules/@vitest/runner/dist/index.js:967:3)
    at file:///Users/brenthibbitts/Desktop/ScoutZero/node_modules/vitest/dist/chunks/runtime-runBaseTests.oAvMKtQC.js:116:7
    at withEnv (file:///Users/brenthibbitts/Desktop/ScoutZero/node_modules/vitest/dist/chunks/runtime-runBaseTests.oAvMKtQC.js:83:5)

stderr | src/tests/architect/signAndTrade.test.js > Sign and Trade Mutation > should fail if destination team is missing
applyWorldMutation failed for signAndTrade: Error: Missing destinationTeamCode
    at loadStateForMutation (/Users/brenthibbitts/Desktop/ScoutZero/src/features/architect/utils/mutationPipeline.js:590:39)
    at Module.applyWorldMutation (/Users/brenthibbitts/Desktop/ScoutZero/src/features/architect/utils/mutationPipeline.js:349:32)
    at /Users/brenthibbitts/Desktop/ScoutZero/src/tests/architect/signAndTrade.test.js:133:26
    at file:///Users/brenthibbitts/Desktop/ScoutZero/node_modules/@vitest/runner/dist/index.js:135:14
    at file:///Users/brenthibbitts/Desktop/ScoutZero/node_modules/@vitest/runner/dist/index.js:60:26
    at runTest (file:///Users/brenthibbitts/Desktop/ScoutZero/node_modules/@vitest/runner/dist/index.js:781:17)
    at runSuite (file:///Users/brenthibbitts/Desktop/ScoutZero/node_modules/@vitest/runner/dist/index.js:909:15)
    at runSuite (file:///Users/brenthibbitts/Desktop/ScoutZero/node_modules/@vitest/runner/dist/index.js:909:15)
    at runFiles (file:///Users/brenthibbitts/Desktop/ScoutZero/node_modules/@vitest/runner/dist/index.js:958:5)
    at startTests (file:///Users/brenthibbitts/Desktop/ScoutZero/node_modules/@vitest/runner/dist/index.js:967:3)


⎯⎯⎯⎯⎯⎯⎯ Failed Tests 1 ⎯⎯⎯⎯⎯⎯⎯

 FAIL  src/tests/architect/signAndTrade.test.js > Sign and Trade Mutation > should successfully execute a sign and trade
AssertionError: expected false to be true // Object.is equality

- Expected
+ Received

- true
+ false

 ❯ src/tests/architect/signAndTrade.test.js:111:28
    109|     }
    110| 
    111|     expect(result.success).toBe(true);
       |                            ^
    112|     expect(result.changedTeams).toHaveLength(2);
    113|     

⎯⎯⎯⎯⎯⎯⎯⎯⎯⎯⎯⎯⎯⎯⎯⎯⎯⎯⎯⎯⎯⎯⎯⎯[1/1]⎯

 Test Files  1 failed (1)
      Tests  1 failed | 1 passed (2)
   Start at  03:11:33
   Duration  4.70s


 FAIL  Tests failed. Watching for file changes...
       press h to show help, press q to quit
       rerun x2
[2K[1A[2K[G